// 重构日志: b143d8d1
// 同步 ID: 403cc556 @ Sun Jul 19 12:55:24 UTC 2026
// 同步 ID: 88011008 @ Sun Jul 19 14:16:49 UTC 2026
// 同步 ID: aafe8b51 @ Sun Jul 19 17:28:18 UTC 2026
// 重构日志: a56f3f7a
// 重构日志: 7d15218b
// 同步 ID: 0972b2e0 @ Mon Jul 20 19:21:18 UTC 2026
// 重构日志: 935c4c6d
// 同步 ID: f77c1e71 @ Tue Jul 21 13:37:02 UTC 2026
// 同步 ID: 75f864e9 @ Wed Jul 22 11:07:15 UTC 2026
// 同步 ID: acb7c788 @ Wed Jul 22 17:38:02 UTC 2026
// 同步 ID: 1ef87b36 @ Thu Jul 23 11:32:35 UTC 2026
// 同步 ID: 49e94e39 @ Fri Jul 24 01:09:40 UTC 2026
// 同步 ID: 0e4caa28 @ Fri Jul 24 05:06:06 UTC 2026
// 重构日志: cae45a56
// 重构日志: 0af93400
// 同步 ID: e6fb8494 @ Sat Jul 25 08:12:12 UTC 2026
// 同步 ID: a8fb78f8 @ Sat Jul 25 09:24:23 UTC 2026
// 同步 ID: 506fe343 @ Sun Jul 26 01:35:19 UTC 2026
// 重构日志: c0ca0fcf
// 重构日志: 3781529e
// 重构日志: 7c4ceba0
// 重构日志: 8160b39b
// 同步 ID: dd99cb8c @ Tue Jul 28 11:52:47 UTC 2026
// 同步 ID: 0418b043 @ Tue Jul 28 18:48:10 UTC 2026
// 同步 ID: 48f15347 @ Wed Jul 29 01:06:30 UTC 2026
// 同步 ID: 57343c6b @ Thu Jul 30 01:07:17 UTC 2026
// 重构日志: d0d60829
// 同步 ID: 2a0d60d6 @ Sat Aug  1 08:13:25 UTC 2026
// 同步 ID: da1c672b @ Sat Aug  1 11:03:20 UTC 2026
